
Error:     13: Pid 1 <- RV_none
   errors and values mixed in result
