# processing file 'example_traces/interp_dump_impossible-check.trace' ...
        # processing file 'example_traces/simple_dump-int.trace' ...
        @type trace
     3: dump-result "/impossible"
           "/"|D|0
           "/oooOOOOOoooo"|D|1
        end dump-result
# 
# Error:      3: dump-result "/impossible"
#            "/"|D|0
#            "/oooOOOOOoooo"|D|1
#         end dump-result
#    execution of dump failed

# trace not accepted
# processing file 'example_traces/interp_dump_impossible-check.trace' failed
