
Fatal error:      2: Pid 2 -> destroy
   no result states
