# processing file 'example_traces/interp_state_fail_special-int.trace' ...
        @type trace
     2: mkdir "/foo" 0o10000
# 
# Fatal error:      2: mkdir "/foo" 0o10000
#    special states found:
#      - OS_special (Implementation_defined, "mkdir: additional file permission bits")
#    no normal result states
# processing file 'example_traces/interp_state_fail_special-int.trace' failed
