
Error:      5: -
   errors possible: ENOENT
   continuing execution with ENOENT
