
        "/"|D|0


Error:      3: dump-result "/"
        end dump-result
   
   comparison of dump-results failed:
      missing entry: /

