
        "/"|D|0
        "/rebel_zero"|F|1|0|"da39a3ee5e6b4b0d3255bfef95601890afd80709"


Error:      6: dump-result "/"
           "/"|D|0
           "/rebel_zero"|F|0|0|"0"
        end dump-result
   
   comparison of dump-results failed:
      differing entry: /rebel_zero

