
Error:      5: RV_num(3)
   unexpected results: RV_num(3)
   allowed are only: ENOENT
   continuing execution with ENOENT
